Archive member included to satisfy reference by file (symbol)

c:/ac6/systemworkbench/plugins/fr.ac6.mcu.externaltools.arm-none.win32_1.7.0.201602121829/tools/compiler/bin/../lib/gcc/arm-none-eabi/5.2.1/armv7e-m/fpu\libgcc.a(_arm_addsubdf3.o)
                              Src/sx1276.o (__aeabi_dadd)
c:/ac6/systemworkbench/plugins/fr.ac6.mcu.externaltools.arm-none.win32_1.7.0.201602121829/tools/compiler/bin/../lib/gcc/arm-none-eabi/5.2.1/armv7e-m/fpu\libgcc.a(_arm_muldivdf3.o)
                              Src/main.o (__aeabi_dmul)
c:/ac6/systemworkbench/plugins/fr.ac6.mcu.externaltools.arm-none.win32_1.7.0.201602121829/tools/compiler/bin/../lib/gcc/arm-none-eabi/5.2.1/armv7e-m/fpu\libgcc.a(_arm_cmpdf2.o)
                              Src/sx1276.o (__aeabi_dcmpgt)
c:/ac6/systemworkbench/plugins/fr.ac6.mcu.externaltools.arm-none.win32_1.7.0.201602121829/tools/compiler/bin/../lib/gcc/arm-none-eabi/5.2.1/armv7e-m/fpu\libgcc.a(_arm_fixdfsi.o)
                              Src/main.o (__aeabi_d2iz)
c:/ac6/systemworkbench/plugins/fr.ac6.mcu.externaltools.arm-none.win32_1.7.0.201602121829/tools/compiler/bin/../lib/gcc/arm-none-eabi/5.2.1/armv7e-m/fpu\libgcc.a(_arm_fixunsdfsi.o)
                              Src/sx1276.o (__aeabi_d2uiz)
c:/ac6/systemworkbench/plugins/fr.ac6.mcu.externaltools.arm-none.win32_1.7.0.201602121829/tools/compiler/bin/../lib/gcc/arm-none-eabi/5.2.1/armv7e-m/fpu\libgcc.a(_arm_truncdfsf2.o)
                              Src/main.o (__aeabi_d2f)
c:/ac6/systemworkbench/plugins/fr.ac6.mcu.externaltools.arm-none.win32_1.7.0.201602121829/tools/compiler/bin/../lib/gcc/arm-none-eabi/5.2.1/../../../../arm-none-eabi/lib/armv7e-m/fpu\libc_nano.a(lib_a-exit.o)
                              c:/ac6/systemworkbench/plugins/fr.ac6.mcu.externaltools.arm-none.win32_1.7.0.201602121829/tools/compiler/bin/../lib/gcc/arm-none-eabi/5.2.1/../../../../arm-none-eabi/lib/armv7e-m/fpu/crt0.o (exit)
c:/ac6/systemworkbench/plugins/fr.ac6.mcu.externaltools.arm-none.win32_1.7.0.201602121829/tools/compiler/bin/../lib/gcc/arm-none-eabi/5.2.1/../../../../arm-none-eabi/lib/armv7e-m/fpu\libc_nano.a(lib_a-impure.o)
                              c:/ac6/systemworkbench/plugins/fr.ac6.mcu.externaltools.arm-none.win32_1.7.0.201602121829/tools/compiler/bin/../lib/gcc/arm-none-eabi/5.2.1/../../../../arm-none-eabi/lib/armv7e-m/fpu\libc_nano.a(lib_a-exit.o) (_global_impure_ptr)
c:/ac6/systemworkbench/plugins/fr.ac6.mcu.externaltools.arm-none.win32_1.7.0.201602121829/tools/compiler/bin/../lib/gcc/arm-none-eabi/5.2.1/../../../../arm-none-eabi/lib/armv7e-m/fpu\libc_nano.a(lib_a-init.o)
                              c:/ac6/systemworkbench/plugins/fr.ac6.mcu.externaltools.arm-none.win32_1.7.0.201602121829/tools/compiler/bin/../lib/gcc/arm-none-eabi/5.2.1/../../../../arm-none-eabi/lib/armv7e-m/fpu/crt0.o (__libc_init_array)
c:/ac6/systemworkbench/plugins/fr.ac6.mcu.externaltools.arm-none.win32_1.7.0.201602121829/tools/compiler/bin/../lib/gcc/arm-none-eabi/5.2.1/../../../../arm-none-eabi/lib/armv7e-m/fpu\libc_nano.a(lib_a-memcpy-stub.o)
                              Src/radio.o (memcpy)
c:/ac6/systemworkbench/plugins/fr.ac6.mcu.externaltools.arm-none.win32_1.7.0.201602121829/tools/compiler/bin/../lib/gcc/arm-none-eabi/5.2.1/../../../../arm-none-eabi/lib/armv7e-m/fpu\libc_nano.a(lib_a-memset.o)
                              c:/ac6/systemworkbench/plugins/fr.ac6.mcu.externaltools.arm-none.win32_1.7.0.201602121829/tools/compiler/bin/../lib/gcc/arm-none-eabi/5.2.1/../../../../arm-none-eabi/lib/armv7e-m/fpu/crt0.o (memset)
c:/ac6/systemworkbench/plugins/fr.ac6.mcu.externaltools.arm-none.win32_1.7.0.201602121829/tools/compiler/bin/../lib/gcc/arm-none-eabi/5.2.1/../../../../arm-none-eabi/lib/armv7e-m/fpu\libnosys.a(_exit.o)
                              c:/ac6/systemworkbench/plugins/fr.ac6.mcu.externaltools.arm-none.win32_1.7.0.201602121829/tools/compiler/bin/../lib/gcc/arm-none-eabi/5.2.1/../../../../arm-none-eabi/lib/armv7e-m/fpu\libc_nano.a(lib_a-exit.o) (_exit)
c:/ac6/systemworkbench/plugins/fr.ac6.mcu.externaltools.arm-none.win32_1.7.0.201602121829/tools/compiler/bin/../lib/gcc/arm-none-eabi/5.2.1/../../../../arm-none-eabi/lib/armv7e-m/fpu\libm.a(lib_a-s_ceil.o)
                              Src/sx1276.o (ceil)
c:/ac6/systemworkbench/plugins/fr.ac6.mcu.externaltools.arm-none.win32_1.7.0.201602121829/tools/compiler/bin/../lib/gcc/arm-none-eabi/5.2.1/../../../../arm-none-eabi/lib/armv7e-m/fpu\libm.a(lib_a-s_floor.o)
                              Src/sx1276.o (floor)
c:/ac6/systemworkbench/plugins/fr.ac6.mcu.externaltools.arm-none.win32_1.7.0.201602121829/tools/compiler/bin/../lib/gcc/arm-none-eabi/5.2.1/../../../../arm-none-eabi/lib/armv7e-m/fpu\libm.a(lib_a-s_round.o)
                              Src/sx1276.o (round)

Allocating common symbols
Common symbol       size              file

temp_tx             0x2               Src/main.o
BufferTx            0x6               Src/main.o
conversion_tx       0x2               Src/main.o
[...]
Memory Configuration

Name             Origin             Length             Attributes
FLASH            0x08000000         0x00080000         xr
RAM              0x20000000         0x00020000         xrw
*default*        0x00000000         0xffffffff

Linker script and memory map

LOAD c:/ac6/systemworkbench/plugins/fr.ac6.mcu.externaltools.arm-none.win32_1.7.0.201602121829/tools/compiler/bin/../lib/gcc/arm-none-eabi/5.2.1/armv7e-m/fpu/crti.o
LOAD c:/ac6/systemworkbench/plugins/fr.ac6.mcu.externaltools.arm-none.win32_1.7.0.201602121829/tools/compiler/bin/../lib/gcc/arm-none-eabi/5.2.1/armv7e-m/fpu/crtbegin.o
LOAD c:/ac6/systemworkbench/plugins/fr.ac6.mcu.externaltools.arm-none.win32_1.7.0.201602121829/tools/compiler/bin/../lib/gcc/arm-none-eabi/5.2.1/../../../../arm-none-eabi/lib/armv7e-m/fpu/crt0.o
LOAD c:/ac6/systemworkbench/plugins/fr.ac6.mcu.externaltools.arm-none.win32_1.7.0.201602121829/tools/compiler/bin/../lib/gcc/arm-none-eabi/5.2.1/../../../../arm-none-eabi/lib/armv7e-m/fpu\libm.a
LOAD Drivers/CMSIS/Device/ST/STM32F4xx/Source/Templates/gcc/startup_stm32f411xe.o
LOAD Drivers/CMSIS/Device/ST/STM32F4xx/Source/Templates/system_stm32f4xx.o
LOAD Drivers/STM32F4xx_HAL_Driver/Src/stm32f4xx_hal.o
LOAD Drivers/STM32F4xx_HAL_Driver/Src/stm32f4xx_hal_cortex.o
LOAD Drivers/STM32F4xx_HAL_Driver/Src/stm32f4xx_hal_dma.o
LOAD Drivers/STM32F4xx_HAL_Driver/Src/stm32f4xx_hal_dma_ex.o
LOAD Drivers/STM32F4xx_HAL_Driver/Src/stm32f4xx_hal_flash.o
LOAD Drivers/STM32F4xx_HAL_Driver/Src/stm32f4xx_hal_flash_ex.o
LOAD Drivers/STM32F4xx_HAL_Driver/Src/stm32f4xx_hal_flash_ramfunc.o
LOAD Drivers/STM32F4xx_HAL_Driver/Src/stm32f4xx_hal_gpio.o
LOAD Drivers/STM32F4xx_HAL_Driver/Src/stm32f4xx_hal_i2c.o
LOAD Drivers/STM32F4xx_HAL_Driver/Src/stm32f4xx_hal_i2c_ex.o
LOAD Drivers/STM32F4xx_HAL_Driver/Src/stm32f4xx_hal_pwr.o
LOAD Drivers/STM32F4xx_HAL_Driver/Src/stm32f4xx_hal_pwr_ex.o
LOAD Drivers/STM32F4xx_HAL_Driver/Src/stm32f4xx_hal_rcc.o
LOAD Drivers/STM32F4xx_HAL_Driver/Src/stm32f4xx_hal_rcc_ex.o
LOAD Drivers/STM32F4xx_HAL_Driver/Src/stm32f4xx_hal_spi.o
LOAD Drivers/STM32F4xx_HAL_Driver/Src/stm32f4xx_hal_tim.o
LOAD Drivers/STM32F4xx_HAL_Driver/Src/stm32f4xx_hal_tim_ex.o
LOAD Src/gpio.o
LOAD Src/i2c.o
LOAD Src/main.o
LOAD Src/radio.o
LOAD Src/spi.o
LOAD Src/stm32f4xx_hal_msp.o
LOAD Src/stm32f4xx_it.o
LOAD Src/sx1276.o
LOAD Src/tim.o
START GROUP
LOAD c:/ac6/systemworkbench/plugins/fr.ac6.mcu.externaltools.arm-none.win32_1.7.0.201602121829/tools/compiler/bin/../lib/gcc/arm-none-eabi/5.2.1/armv7e-m/fpu\libgcc.a
LOAD c:/ac6/systemworkbench/plugins/fr.ac6.mcu.externaltools.arm-none.win32_1.7.0.201602121829/tools/compiler/bin/../lib/gcc/arm-none-eabi/5.2.1/../../../../arm-none-eabi/lib/armv7e-m/fpu\libc_nano.a
END GROUP
START GROUP
LOAD c:/ac6/systemworkbench/plugins/fr.ac6.mcu.externaltools.arm-none.win32_1.7.0.201602121829/tools/compiler/bin/../lib/gcc/arm-none-eabi/5.2.1/armv7e-m/fpu\libgcc.a
LOAD c:/ac6/systemworkbench/plugins/fr.ac6.mcu.externaltools.arm-none.win32_1.7.0.201602121829/tools/compiler/bin/../lib/gcc/arm-none-eabi/5.2.1/../../../../arm-none-eabi/lib/armv7e-m/fpu\libc_nano.a
LOAD c:/ac6/systemworkbench/plugins/fr.ac6.mcu.externaltools.arm-none.win32_1.7.0.201602121829/tools/compiler/bin/../lib/gcc/arm-none-eabi/5.2.1/../../../../arm-none-eabi/lib/armv7e-m/fpu\libnosys.a
END GROUP
START GROUP
LOAD c:/ac6/systemworkbench/plugins/fr.ac6.mcu.externaltools.arm-none.win32_1.7.0.201602121829/tools/compiler/bin/../lib/gcc/arm-none-eabi/5.2.1/armv7e-m/fpu\libgcc.a
LOAD c:/ac6/systemworkbench/plugins/fr.ac6.mcu.externaltools.arm-none.win32_1.7.0.201602121829/tools/compiler/bin/../lib/gcc/arm-none-eabi/5.2.1/../../../../arm-none-eabi/lib/armv7e-m/fpu\libc_nano.a
LOAD c:/ac6/systemworkbench/plugins/fr.ac6.mcu.externaltools.arm-none.win32_1.7.0.201602121829/tools/compiler/bin/../lib/gcc/arm-none-eabi/5.2.1/../../../../arm-none-eabi/lib/armv7e-m/fpu\libnosys.a
END GROUP
LOAD c:/ac6/systemworkbench/plugins/fr.ac6.mcu.externaltools.arm-none.win32_1.7.0.201602121829/tools/compiler/bin/../lib/gcc/arm-none-eabi/5.2.1/armv7e-m/fpu/crtend.o
LOAD c:/ac6/systemworkbench/plugins/fr.ac6.mcu.externaltools.arm-none.win32_1.7.0.201602121829/tools/compiler/bin/../lib/gcc/arm-none-eabi/5.2.1/armv7e-m/fpu/crtn.o
                0x20020000                _estack = 0x20020000
                0x00000200                _Min_Heap_Size = 0x200
                0x00000400                _Min_Stack_Size = 0x400

.isr_vector     0x08000000      0x198
                0x08000000                . = ALIGN (0x4)
 *(.isr_vector)
 .isr_vector    0x08000000      0x198 Drivers/CMSIS/Device/ST/STM32F4xx/Source/Templates/gcc/startup_stm32f411xe.o
                0x08000000                g_pfnVectors
                0x08000198                . = ALIGN (0x4)

.text           0x08000198     0x5200
                0x08000198                . = ALIGN (0x4)
 *(.text)
 .text          0x08000198       0xa4 c:/ac6/systemworkbench/plugins/fr.ac6.mcu.externaltools.arm-none.win32_1.7.0.201602121829/tools/compiler/bin/../lib/gcc/arm-none-eabi/5.2.1/armv7e-m/fpu/crtbegin.o
 .text          0x0800023c      0x370 c:/ac6/systemworkbench/plugins/fr.ac6.mcu.externaltools.arm-none.win32_1.7.0.201602121829/tools/compiler/bin/../lib/gcc/arm-none-eabi/5.2.1/armv7e-m/fpu\libgcc.a(_arm_addsubdf3.o)
                0x0800023c                __aeabi_drsub
                0x08000244                __aeabi_dsub
                0x08000244                __subdf3
                0x08000248                __aeabi_dadd
                0x08000248                __adddf3
                0x080004c0                __floatunsidf
                0x080004c0                __aeabi_ui2d
                0x080004e0                __floatsidf
                0x080004e0                __aeabi_i2d
                0x08000504                __aeabi_f2d
                0x08000504                __extendsfdf2
                0x08000540                __floatundidf
                0x08000540                __aeabi_ul2d
                0x08000550                __floatdidf
                0x08000550                __aeabi_l2d
 .text          0x080005ac      0x424 c:/ac6/systemworkbench/plugins/fr.ac6.mcu.externaltools.arm-none.win32_1.7.0.201602121829/tools/compiler/bin/../lib/gcc/arm-none-eabi/5.2.1/armv7e-m/fpu\libgcc.a(_arm_muldivdf3.o)
                0x080005ac                __aeabi_dmul
                0x080005ac                __muldf3
                0x08000800                __divdf3
                0x08000800                __aeabi_ddiv
 .text          0x080009d0      0x110 c:/ac6/systemworkbench/plugins/fr.ac6.mcu.externaltools.arm-none.win32_1.7.0.201602121829/tools/compiler/bin/../lib/gcc/arm-none-eabi/5.2.1/armv7e-m/fpu\libgcc.a(_arm_cmpdf2.o)
                0x080009d0                __gtdf2
                0x080009d0                __gedf2
                0x080009d8                __ltdf2
                0x080009d8                __ledf2
                0x080009e0                __nedf2
                0x080009e0                __eqdf2
                0x080009e0                __cmpdf2
                0x08000a5c                __aeabi_cdrcmple
                0x08000a6c                __aeabi_cdcmpeq
                0x08000a6c                __aeabi_cdcmple
                0x08000a7c                __aeabi_dcmpeq
                0x08000a90                __aeabi_dcmplt
                0x08000aa4                __aeabi_dcmple
                0x08000ab8                __aeabi_dcmpge
                0x08000acc                __aeabi_dcmpgt
 .text          0x08000ae0       0x50 c:/ac6/systemworkbench/plugins/fr.ac6.mcu.externaltools.arm-none.win32_1.7.0.201602121829/tools/compiler/bin/../lib/gcc/arm-none-eabi/5.2.1/armv7e-m/fpu\libgcc.a(_arm_fixdfsi.o)
                0x08000ae0                __aeabi_d2iz
                0x08000ae0                __fixdfsi
 .text          0x08000b30       0x40 c:/ac6/systemworkbench/plugins/fr.ac6.mcu.externaltools.arm-none.win32_1.7.0.201602121829/tools/compiler/bin/../lib/gcc/arm-none-eabi/5.2.1/armv7e-m/fpu\libgcc.a(_arm_fixunsdfsi.o)
                0x08000b30                __aeabi_d2uiz
                0x08000b30                __fixunsdfsi
 *(.text*)
 .text.Reset_Handler
                0x08000b70       0x50 Drivers/CMSIS/Device/ST/STM32F4xx/Source/Templates/gcc/startup_stm32f411xe.o
                0x08000b70                Reset_Handler
 .text.Default_Handler
                0x08000bc0        0x2 Drivers/CMSIS/Device/ST/STM32F4xx/Source/Templates/gcc/startup_stm32f411xe.o
                0x08000bc0                RTC_Alarm_IRQHandler
                0x08000bc0                EXTI2_IRQHandler
                0x08000bc0                DebugMon_Handler
                0x08000bc0                SPI4_IRQHandler
                0x08000bc0                TIM1_CC_IRQHandler
                0x08000bc0                DMA2_Stream5_IRQHandler
                0x08000bc0                HardFault_Handler
                0x08000bc0                DMA1_Stream5_IRQHandler
                0x08000bc0                PVD_IRQHandler
                0x08000bc0                SDIO_IRQHandler
                0x08000bc0                TAMP_STAMP_IRQHandler
                0x08000bc0                PendSV_Handler
                0x08000bc0                NMI_Handler
                0x08000bc0                EXTI3_IRQHandler
                0x08000bc0                I2C3_ER_IRQHandler
                0x08000bc0                I2C2_EV_IRQHandler
                0x08000bc0                DMA1_Stream2_IRQHandler
                0x08000bc0                FPU_IRQHandler
                0x08000bc0                UsageFault_Handler
                0x08000bc0                DMA2_Stream2_IRQHandler
                0x08000bc0                SPI1_IRQHandler
                0x08000bc0                TIM1_BRK_TIM9_IRQHandler
                0x08000bc0                DMA2_Stream3_IRQHandler
                0x08000bc0                USART6_IRQHandler
                0x08000bc0                DMA2_Stream0_IRQHandler
                0x08000bc0                TIM4_IRQHandler
                0x08000bc0                I2C1_EV_IRQHandler
                0x08000bc0                DMA1_Stream6_IRQHandler
                0x08000bc0                DMA1_Stream1_IRQHandler
                0x08000bc0                TIM3_IRQHandler
                0x08000bc0                RCC_IRQHandler
                0x08000bc0                Default_Handler
                0x08000bc0                EXTI15_10_IRQHandler
                0x08000bc0                ADC_IRQHandler
                0x08000bc0                DMA1_Stream7_IRQHandler
                0x08000bc0                SPI5_IRQHandler
                0x08000bc0                TIM5_IRQHandler
                0x08000bc0                DMA2_Stream7_IRQHandler
                0x08000bc0                I2C3_EV_IRQHandler
                0x08000bc0                RTC_WKUP_IRQHandler
                0x08000bc0                SPI2_IRQHandler
                0x08000bc0                MemManage_Handler
                0x08000bc0                DMA1_Stream0_IRQHandler
                0x08000bc0                SVC_Handler
                0x08000bc0                EXTI4_IRQHandler
                0x08000bc0                WWDG_IRQHandler
                0x08000bc0                TIM2_IRQHandler
                0x08000bc0                OTG_FS_WKUP_IRQHandler
                0x08000bc0                TIM1_TRG_COM_TIM11_IRQHandler
                0x08000bc0                EXTI1_IRQHandler
                0x08000bc0                USART2_IRQHandler
                0x08000bc0                I2C2_ER_IRQHandler
                0x08000bc0                DMA2_Stream1_IRQHandler
                0x08000bc0                FLASH_IRQHandler
                0x08000bc0                DMA2_Stream4_IRQHandler
                0x08000bc0                BusFault_Handler
                0x08000bc0                USART1_IRQHandler
                0x08000bc0                OTG_FS_IRQHandler
                0x08000bc0                SPI3_IRQHandler
                0x08000bc0                DMA1_Stream4_IRQHandler
                0x08000bc0                I2C1_ER_IRQHandler
                0x08000bc0                DMA2_Stream6_IRQHandler
                0x08000bc0                DMA1_Stream3_IRQHandler
 *fill*         0x08000bc2        0x2 
 .text.SystemInit
                0x08000bc4       0x6c Drivers/CMSIS/Device/ST/STM32F4xx/Source/Templates/system_stm32f4xx.o
                0x08000bc4                SystemInit
 .text.HAL_Init
                0x08000c30       0x44 Drivers/STM32F4xx_HAL_Driver/Src/stm32f4xx_hal.o
                0x08000c30                HAL_Init
 .text.HAL_InitTick
                0x08000c74       0x38 Drivers/STM32F4xx_HAL_Driver/Src/stm32f4xx_hal.o
                0x08000c74                HAL_InitTick
 .text.HAL_IncTick
                0x08000cac       0x1c Drivers/STM32F4xx_HAL_Driver/Src/stm32f4xx_hal.o
                0x08000cac                HAL_IncTick
 .text.HAL_GetTick
                0x08000cc8       0x18 Drivers/STM32F4xx_HAL_Driver/Src/stm32f4xx_hal.o
                0x08000cc8                HAL_GetTick
 .text.HAL_Delay
                0x08000ce0       0x2c Drivers/STM32F4xx_HAL_Driver/Src/stm32f4xx_hal.o
                0x08000ce0                HAL_Delay
 .text.NVIC_SetPriorityGrouping
                0x08000d0c       0x48 Drivers/STM32F4xx_HAL_Driver/Src/stm32f4xx_hal_cortex.o
 .text.NVIC_GetPriorityGrouping
                0x08000d54       0x1c Drivers/STM32F4xx_HAL_Driver/Src/stm32f4xx_hal_cortex.o
 .text.NVIC_EnableIRQ
                0x08000d70       0x34 Drivers/STM32F4xx_HAL_Driver/Src/stm32f4xx_hal_cortex.o
 .text.NVIC_SetPriority
                0x08000da4       0x54 Drivers/STM32F4xx_HAL_Driver/Src/stm32f4xx_hal_cortex.o
 .text.NVIC_EncodePriority
                0x08000df8       0x64 Drivers/STM32F4xx_HAL_Driver/Src/stm32f4xx_hal_cortex.o
 .text.SysTick_Config
                0x08000e5c       0x44 Drivers/STM32F4xx_HAL_Driver/Src/stm32f4xx_hal_cortex.o
 .text.HAL_NVIC_SetPriorityGrouping
                0x08000ea0       0x18 Drivers/STM32F4xx_HAL_Driver/Src/stm32f4xx_hal_cortex.o
                0x08000ea0                HAL_NVIC_SetPriorityGrouping
 .text.HAL_NVIC_SetPriority
                0x08000eb8       0x38 Drivers/STM32F4xx_HAL_Driver/Src/stm32f4xx_hal_cortex.o
                0x08000eb8                HAL_NVIC_SetPriority
 .text.HAL_NVIC_EnableIRQ
                0x08000ef0       0x1c Drivers/STM32F4xx_HAL_Driver/Src/stm32f4xx_hal_cortex.o
                0x08000ef0                HAL_NVIC_EnableIRQ
 .text.HAL_SYSTICK_Config
                0x08000f0c       0x18 Drivers/STM32F4xx_HAL_Driver/Src/stm32f4xx_hal_cortex.o
                0x08000f0c                HAL_SYSTICK_Config
 .text.HAL_SYSTICK_CLKSourceConfig
                0x08000f24       0x38 Drivers/STM32F4xx_HAL_Driver/Src/stm32f4xx_hal_cortex.o
                0x08000f24                HAL_SYSTICK_CLKSourceConfig
 .text.HAL_SYSTICK_IRQHandler
                0x08000f5c        0xc Drivers/STM32F4xx_HAL_Driver/Src/stm32f4xx_hal_cortex.o
                0x08000f5c                HAL_SYSTICK_IRQHandler
 .text.HAL_SYSTICK_Callback
                0x08000f68       0x10 Drivers/STM32F4xx_HAL_Driver/Src/stm32f4xx_hal_cortex.o
                0x08000f68                HAL_SYSTICK_Callback
 .text.HAL_GPIO_Init
                0x08000f78      0x304 Drivers/STM32F4xx_HAL_Driver/Src/stm32f4xx_hal_gpio.o
                0x08000f78                HAL_GPIO_Init
 .text.HAL_GPIO_WritePin
                0x0800127c       0x34 Drivers/STM32F4xx_HAL_Driver/Src/stm32f4xx_hal_gpio.o
                0x0800127c                HAL_GPIO_WritePin
 .text.HAL_GPIO_EXTI_IRQHandler
                0x080012b0       0x30 Drivers/STM32F4xx_HAL_Driver/Src/stm32f4xx_hal_gpio.o
                0x080012b0                HAL_GPIO_EXTI_IRQHandler
 .text.HAL_I2C_Init
                0x080012e0      0x1c0 Drivers/STM32F4xx_HAL_Driver/Src/stm32f4xx_hal_i2c.o
                0x080012e0                HAL_I2C_Init
 .text.HAL_RCC_OscConfig
                0x080014a0      0x424 Drivers/STM32F4xx_HAL_Driver/Src/stm32f4xx_hal_rcc.o
                0x080014a0                HAL_RCC_OscConfig
 .text.HAL_RCC_ClockConfig
                0x080018c4      0x224 Drivers/STM32F4xx_HAL_Driver/Src/stm32f4xx_hal_rcc.o
                0x080018c4                HAL_RCC_ClockConfig
 .text.HAL_RCC_GetSysClockFreq
                0x08001ae8       0xfc Drivers/STM32F4xx_HAL_Driver/Src/stm32f4xx_hal_rcc.o
                0x08001ae8                HAL_RCC_GetSysClockFreq
 .text.HAL_RCC_GetHCLKFreq
                0x08001be4       0x18 Drivers/STM32F4xx_HAL_Driver/Src/stm32f4xx_hal_rcc.o
                0x08001be4                HAL_RCC_GetHCLKFreq
 .text.HAL_RCC_GetPCLK1Freq
                0x08001bfc       0x44 Drivers/STM32F4xx_HAL_Driver/Src/stm32f4xx_hal_rcc.o
                0x08001bfc                HAL_RCC_GetPCLK1Freq
 .text.HAL_SPI_Init
                0x08001c40       0xc8 Drivers/STM32F4xx_HAL_Driver/Src/stm32f4xx_hal_spi.o
                0x08001c40                HAL_SPI_Init
 .text.HAL_SPI_TransmitReceive
                0x08001d08      0x340 Drivers/STM32F4xx_HAL_Driver/Src/stm32f4xx_hal_spi.o
                0x08001d08                HAL_SPI_TransmitReceive
 .text.SPI_WaitFlagStateUntilTimeout
                0x08002048       0xd4 Drivers/STM32F4xx_HAL_Driver/Src/stm32f4xx_hal_spi.o
 .text.SPI_CheckFlag_BSY
                0x0800211c       0x3c Drivers/STM32F4xx_HAL_Driver/Src/stm32f4xx_hal_spi.o
 .text.HAL_TIM_Base_Init
                0x08002158       0x58 Drivers/STM32F4xx_HAL_Driver/Src/stm32f4xx_hal_tim.o
                0x08002158                HAL_TIM_Base_Init
 .text.HAL_TIM_IRQHandler
                0x080021b0      0x210 Drivers/STM32F4xx_HAL_Driver/Src/stm32f4xx_hal_tim.o
                0x080021b0                HAL_TIM_IRQHandler
 .text.HAL_TIM_PeriodElapsedCallback
                0x080023c0       0x14 Drivers/STM32F4xx_HAL_Driver/Src/stm32f4xx_hal_tim.o
                0x080023c0                HAL_TIM_PeriodElapsedCallback
 .text.HAL_TIM_OC_DelayElapsedCallback
                0x080023d4       0x14 Drivers/STM32F4xx_HAL_Driver/Src/stm32f4xx_hal_tim.o
                0x080023d4                HAL_TIM_OC_DelayElapsedCallback
 .text.HAL_TIM_IC_CaptureCallback
                0x080023e8       0x14 Drivers/STM32F4xx_HAL_Driver/Src/stm32f4xx_hal_tim.o
                0x080023e8                HAL_TIM_IC_CaptureCallback
 .text.HAL_TIM_PWM_PulseFinishedCallback
                0x080023fc       0x14 Drivers/STM32F4xx_HAL_Driver/Src/stm32f4xx_hal_tim.o
                0x080023fc                HAL_TIM_PWM_PulseFinishedCallback
 .text.HAL_TIM_TriggerCallback
                0x08002410       0x14 Drivers/STM32F4xx_HAL_Driver/Src/stm32f4xx_hal_tim.o
                0x08002410                HAL_TIM_TriggerCallback
 .text.TIM_Base_SetConfig
                0x08002424      0x108 Drivers/STM32F4xx_HAL_Driver/Src/stm32f4xx_hal_tim.o
                0x08002424                TIM_Base_SetConfig
 .text.HAL_TIMEx_CommutationCallback
                0x0800252c       0x14 Drivers/STM32F4xx_HAL_Driver/Src/stm32f4xx_hal_tim_ex.o
                0x0800252c                HAL_TIMEx_CommutationCallback
 .text.HAL_TIMEx_BreakCallback
                0x08002540       0x14 Drivers/STM32F4xx_HAL_Driver/Src/stm32f4xx_hal_tim_ex.o
                0x08002540                HAL_TIMEx_BreakCallback
 .text.MX_GPIO_Init
                0x08002554      0x368 Src/gpio.o
                0x08002554                MX_GPIO_Init
 .text.MX_I2C1_Init
                0x080028bc       0x5c Src/i2c.o
                0x080028bc                MX_I2C1_Init
 .text.HAL_I2C_MspInit
                0x08002918       0x64 Src/i2c.o
                0x08002918                HAL_I2C_MspInit
 .text.main     0x0800297c       0x2c Src/main.o
                0x0800297c                main
 .text.SystemClock_Config
                0x080029a8       0xe0 Src/main.o
                0x080029a8                SystemClock_Config
 .text.HAL_GPIO_EXTI_Callback
                0x08002a88       0x44 Src/main.o
                0x08002a88                HAL_GPIO_EXTI_Callback
 .text.recibir  0x08002acc      0x160 Src/main.o
                0x08002acc                recibir
 .text.Error_Handler
                0x08002c2c        0x8 Src/main.o
                0x08002c2c                Error_Handler
 .text.sx1276_init
                0x08002c34      0x100 Src/radio.o
                0x08002c34                sx1276_init
 .text.OnTxDone
                0x08002d34       0x38 Src/radio.o
                0x08002d34                OnTxDone
 .text.OnRxDone
                0x08002d6c       0x64 Src/radio.o
                0x08002d6c                OnRxDone
 .text.OnTxTimeout
                0x08002dd0       0x10 Src/radio.o
                0x08002dd0                OnTxTimeout
 .text.OnRxTimeout
                0x08002de0       0x10 Src/radio.o
                0x08002de0                OnRxTimeout
 .text.OnRxError
                0x08002df0       0x10 Src/radio.o
                0x08002df0                OnRxError
 .text.MX_SPI1_Init
                0x08002e00       0x6c Src/spi.o
                0x08002e00                MX_SPI1_Init
 .text.MX_SPI2_Init
                0x08002e6c       0x6c Src/spi.o
                0x08002e6c                MX_SPI2_Init
 .text.HAL_SPI_MspInit
                0x08002ed8       0xd8 Src/spi.o
                0x08002ed8                HAL_SPI_MspInit
 .text.HAL_MspInit
                0x08002fb0       0x64 Src/stm32f4xx_hal_msp.o
                0x08002fb0                HAL_MspInit
 .text.SysTick_Handler
                0x08003014       0x10 Src/stm32f4xx_it.o
                0x08003014                SysTick_Handler
 .text.EXTI0_IRQHandler
                0x08003024       0x10 Src/stm32f4xx_it.o
                0x08003024                EXTI0_IRQHandler
 .text.EXTI9_5_IRQHandler
                0x08003034       0x10 Src/stm32f4xx_it.o
                0x08003034                EXTI9_5_IRQHandler
 .text.TIM1_UP_TIM10_IRQHandler
                0x08003044       0x14 Src/stm32f4xx_it.o
                0x08003044                TIM1_UP_TIM10_IRQHandler
 .text.SX1276Init
                0x08003058       0x88 Src/sx1276.o
                0x08003058                SX1276Init
 .text.SX1276GetStatus
                0x080030e0       0x18 Src/sx1276.o
                0x080030e0                SX1276GetStatus
 .text.SX1276SetChannel
                0x080030f8       0x6c Src/sx1276.o
                0x080030f8                SX1276SetChannel
 .text.SX1276IsChannelFree
                0x08003164       0x58 Src/sx1276.o
                0x08003164                SX1276IsChannelFree
 .text.SX1276Random
                0x080031bc       0x5c Src/sx1276.o
                0x080031bc                SX1276Random
 .text.RxChainCalibration
                0x08003218       0xd4 Src/sx1276.o
 .text.GetFskBandwidthRegValue
                0x080032ec       0x58 Src/sx1276.o
 *fill*         0x08003344        0x4 
 .text.SX1276SetRxConfig
                0x08003348      0x398 Src/sx1276.o
                0x08003348                SX1276SetRxConfig
 .text.SX1276SetTxConfig
                0x080036e0      0x468 Src/sx1276.o
                0x080036e0                SX1276SetTxConfig
 .text.SX1276GetTimeOnAir
                0x08003b48      0x384 Src/sx1276.o
                0x08003b48                SX1276GetTimeOnAir
 .text.SX1276Send
                0x08003ecc      0x14c Src/sx1276.o
                0x08003ecc                SX1276Send
 .text.SX1276SetSleep
                0x08004018       0x18 Src/sx1276.o
                0x08004018                SX1276SetSleep
 .text.SX1276SetStby
                0x08004030       0x18 Src/sx1276.o
                0x08004030                SX1276SetStby
 .text.SX1276SetRx
                0x08004048      0x190 Src/sx1276.o
                0x08004048                SX1276SetRx
 .text.SX1276SetTx
                0x080041d8       0xd0 Src/sx1276.o
                0x080041d8                SX1276SetTx
 .text.SX1276StartCad
                0x080042a8       0x48 Src/sx1276.o
                0x080042a8                SX1276StartCad
 .text.SX1276ReadRssi
                0x080042f0       0x7c Src/sx1276.o
                0x080042f0                SX1276ReadRssi
 .text.SX1276Reset
                0x0800436c       0x40 Src/sx1276.o
                0x0800436c                SX1276Reset
 .text.SX1276SetOpMode
                0x080043ac       0x70 Src/sx1276.o
                0x080043ac                SX1276SetOpMode
 .text.SX1276SetModem
                0x0800441c       0x8c Src/sx1276.o
                0x0800441c                SX1276SetModem
 .text.SX1276Write
                0x080044a8       0x24 Src/sx1276.o
                0x080044a8                SX1276Write
 .text.SX1276Read
                0x080044cc       0x24 Src/sx1276.o
                0x080044cc                SX1276Read
 .text.SX1276WriteBuffer
                0x080044f0       0x94 Src/sx1276.o
                0x080044f0                SX1276WriteBuffer
 .text.SX1276ReadBuffer
                0x08004584       0x94 Src/sx1276.o
                0x08004584                SX1276ReadBuffer
 .text.SX1276WriteFifo
                0x08004618       0x20 Src/sx1276.o
                0x08004618                SX1276WriteFifo
 .text.SX1276ReadFifo
                0x08004638       0x20 Src/sx1276.o
                0x08004638                SX1276ReadFifo
 .text.SX1276OnDio0Irq
                0x08004658      0x45c Src/sx1276.o
                0x08004658                SX1276OnDio0Irq
 .text.SX1276OnDio1Irq
                0x08004ab4      0x180 Src/sx1276.o
                0x08004ab4                SX1276OnDio1Irq
 *fill*         0x08004c34        0x4 
 .text.SX1276OnDio2Irq
                0x08004c38      0x160 Src/sx1276.o
                0x08004c38                SX1276OnDio2Irq
 .text.SX1276OnDio3Irq
                0x08004d98       0x80 Src/sx1276.o
                0x08004d98                SX1276OnDio3Irq
 .text.SX1276OnDio4Irq
                0x08004e18       0x3c Src/sx1276.o
                0x08004e18                SX1276OnDio4Irq
 .text.SX1276GetPaSelect
                0x08004e54       0x28 Src/sx1276.o
                0x08004e54                SX1276GetPaSelect
 .text.SX1276SetAntSwLowPower
                0x08004e7c       0x3c Src/sx1276.o
                0x08004e7c                SX1276SetAntSwLowPower
 .text.SX1276AntSwInit
                0x08004eb8       0x38 Src/sx1276.o
                0x08004eb8                SX1276AntSwInit
 .text.SX1276AntSwDeInit
                0x08004ef0       0x38 Src/sx1276.o
                0x08004ef0                SX1276AntSwDeInit
 .text.SX1276SetAntSw
                0x08004f28       0x48 Src/sx1276.o
                0x08004f28                SX1276SetAntSw
 .text.SX1276CheckRfFrequency
                0x08004f70       0x18 Src/sx1276.o
                0x08004f70                SX1276CheckRfFrequency
 .text.MX_TIM10_Init
                0x08004f88       0x44 Src/tim.o
                0x08004f88                MX_TIM10_Init
 .text.HAL_TIM_Base_MspInit
                0x08004fcc       0x50 Src/tim.o
                0x08004fcc                HAL_TIM_Base_MspInit
 .text.__libc_init_array
                0x0800501c       0x4c c:/ac6/systemworkbench/plugins/fr.ac6.mcu.externaltools.arm-none.win32_1.7.0.201602121829/tools/compiler/bin/../lib/gcc/arm-none-eabi/5.2.1/../../../../arm-none-eabi/lib/armv7e-m/fpu\libc_nano.a(lib_a-init.o)
                0x0800501c                __libc_init_array
 .text.memcpy   0x08005068       0x16 c:/ac6/systemworkbench/plugins/fr.ac6.mcu.externaltools.arm-none.win32_1.7.0.201602121829/tools/compiler/bin/../lib/gcc/arm-none-eabi/5.2.1/../../../../arm-none-eabi/lib/armv7e-m/fpu\libc_nano.a(lib_a-memcpy-stub.o)
                0x08005068                memcpy
 .text.memset   0x0800507e       0x10 c:/ac6/systemworkbench/plugins/fr.ac6.mcu.externaltools.arm-none.win32_1.7.0.201602121829/tools/compiler/bin/../lib/gcc/arm-none-eabi/5.2.1/../../../../arm-none-eabi/lib/armv7e-m/fpu\libc_nano.a(lib_a-memset.o)
                0x0800507e                memset
 *fill*         0x0800508e        0x2 
 .text.ceil     0x08005090      0x120 c:/ac6/systemworkbench/plugins/fr.ac6.mcu.externaltools.arm-none.win32_1.7.0.201602121829/tools/compiler/bin/../lib/gcc/arm-none-eabi/5.2.1/../../../../arm-none-eabi/lib/armv7e-m/fpu\libm.a(lib_a-s_ceil.o)
                0x08005090                ceil
 .text.floor    0x080051b0      0x120 c:/ac6/systemworkbench/plugins/fr.ac6.mcu.externaltools.arm-none.win32_1.7.0.201602121829/tools/compiler/bin/../lib/gcc/arm-none-eabi/5.2.1/../../../../arm-none-eabi/lib/armv7e-m/fpu\libm.a(lib_a-s_floor.o)
                0x080051b0                floor
 .text.round    0x080052d0       0xb0 c:/ac6/systemworkbench/plugins/fr.ac6.mcu.externaltools.arm-none.win32_1.7.0.201602121829/tools/compiler/bin/../lib/gcc/arm-none-eabi/5.2.1/../../../../arm-none-eabi/lib/armv7e-m/fpu\libm.a(lib_a-s_round.o)
                0x080052d0                round
 *(.glue_7)
 .glue_7        0x08005380        0x0 linker stubs
 *(.glue_7t)
 .glue_7t       0x08005380        0x0 linker stubs
 *(.eh_frame)
 .eh_frame      0x08005380        0x0 c:/ac6/systemworkbench/plugins/fr.ac6.mcu.externaltools.arm-none.win32_1.7.0.201602121829/tools/compiler/bin/../lib/gcc/arm-none-eabi/5.2.1/armv7e-m/fpu/crtbegin.o
 *(.init)
 .init          0x08005380        0x4 c:/ac6/systemworkbench/plugins/fr.ac6.mcu.externaltools.arm-none.win32_1.7.0.201602121829/tools/compiler/bin/../lib/gcc/arm-none-eabi/5.2.1/armv7e-m/fpu/crti.o
                0x08005380                _init
 .init          0x08005384        0x8 c:/ac6/systemworkbench/plugins/fr.ac6.mcu.externaltools.arm-none.win32_1.7.0.201602121829/tools/compiler/bin/../lib/gcc/arm-none-eabi/5.2.1/armv7e-m/fpu/crtn.o
 *(.fini)
 .fini          0x0800538c        0x4 c:/ac6/systemworkbench/plugins/fr.ac6.mcu.externaltools.arm-none.win32_1.7.0.201602121829/tools/compiler/bin/../lib/gcc/arm-none-eabi/5.2.1/armv7e-m/fpu/crti.o
                0x0800538c                _fini
 .fini          0x08005390        0x8 c:/ac6/systemworkbench/plugins/fr.ac6.mcu.externaltools.arm-none.win32_1.7.0.201602121829/tools/compiler/bin/../lib/gcc/arm-none-eabi/5.2.1/armv7e-m/fpu/crtn.o
                0x08005398                . = ALIGN (0x4)
                0x08005398                _etext = .

.vfp11_veneer   0x08005398        0x0
 .vfp11_veneer  0x08005398        0x0 linker stubs

.v4_bx          0x08005398        0x0
 .v4_bx         0x08005398        0x0 linker stubs

.iplt           0x08005398        0x0
 .iplt          0x08005398        0x0 c:/ac6/systemworkbench/plugins/fr.ac6.mcu.externaltools.arm-none.win32_1.7.0.201602121829/tools/compiler/bin/../lib/gcc/arm-none-eabi/5.2.1/armv7e-m/fpu/crtbegin.o

.rodata         0x08005398      0x140
                0x08005398                . = ALIGN (0x4)
 *(.rodata)
 .rodata        0x08005398       0x10 Drivers/STM32F4xx_HAL_Driver/Src/stm32f4xx_hal_rcc.o
                0x08005398                APBAHBPrescTable
 .rodata        0x080053a8       0x50 Src/radio.o
                0x080053a8                Radio
 .rodata        0x080053f8       0xe0 Src/sx1276.o
                0x080053f8                RadioRegsInit
                0x08005428                FskBandwidths
 *(.rodata*)
                0x080054d8                . = ALIGN (0x4)

.rel.dyn        0x080054d8        0x0
 .rel.iplt      0x080054d8        0x0 c:/ac6/systemworkbench/plugins/fr.ac6.mcu.externaltools.arm-none.win32_1.7.0.201602121829/tools/compiler/bin/../lib/gcc/arm-none-eabi/5.2.1/armv7e-m/fpu/crtbegin.o

.ARM.extab
 *(.ARM.extab* .gnu.linkonce.armextab.*)

.ARM            0x080054d8        0x0
                0x080054d8                __exidx_start = .
 *(.ARM.exidx*)
                0x080054d8                __exidx_end = .

.preinit_array  0x080054d8        0x0
                0x080054d8                PROVIDE (__preinit_array_start, .)
 *(.preinit_array*)
                0x080054d8                PROVIDE (__preinit_array_end, .)

.init_array     0x080054d8        0x4
                0x080054d8                PROVIDE (__init_array_start, .)
 *(SORT(.init_array.*))
 *(.init_array*)
 .init_array    0x080054d8        0x4 c:/ac6/systemworkbench/plugins/fr.ac6.mcu.externaltools.arm-none.win32_1.7.0.201602121829/tools/compiler/bin/../lib/gcc/arm-none-eabi/5.2.1/armv7e-m/fpu/crtbegin.o
                0x080054dc                PROVIDE (__init_array_end, .)

.fini_array     0x080054dc        0x4
                [!provide]                PROVIDE (__fini_array_start, .)
 *(SORT(.fini_array.*))
 *(.fini_array*)
 .fini_array    0x080054dc        0x4 c:/ac6/systemworkbench/plugins/fr.ac6.mcu.externaltools.arm-none.win32_1.7.0.201602121829/tools/compiler/bin/../lib/gcc/arm-none-eabi/5.2.1/armv7e-m/fpu/crtbegin.o
                [!provide]                PROVIDE (__fini_array_end, .)
                0x080054e0                _sidata = LOADADDR (.data)

.data           0x20000000       0x24 load address 0x080054e0
                0x20000000                . = ALIGN (0x4)
                0x20000000                _sdata = .
 *(.data)
 .data          0x20000000        0x4 Drivers/CMSIS/Device/ST/STM32F4xx/Source/Templates/system_stm32f4xx.o
                0x20000000                SystemCoreClock
 .data          0x20000004        0x2 Src/radio.o
                0x20000004                BufferSize
 *fill*         0x20000006        0x2 
 .data          0x20000008       0x19 Src/sx1276.o
                0x20000008                DioIrq
 *(.data*)
                0x20000024                . = ALIGN (0x4)
 *fill*         0x20000021        0x3 
                0x20000024                _edata = .

.jcr            0x20000024        0x0 load address 0x08005504
 .jcr           0x20000024        0x0 c:/ac6/systemworkbench/plugins/fr.ac6.mcu.externaltools.arm-none.win32_1.7.0.201602121829/tools/compiler/bin/../lib/gcc/arm-none-eabi/5.2.1/armv7e-m/fpu/crtbegin.o

.tm_clone_table
                0x20000024        0x0 load address 0x08005504
 .tm_clone_table
                0x20000024        0x0 c:/ac6/systemworkbench/plugins/fr.ac6.mcu.externaltools.arm-none.win32_1.7.0.201602121829/tools/compiler/bin/../lib/gcc/arm-none-eabi/5.2.1/armv7e-m/fpu/crtbegin.o
 .tm_clone_table
                0x20000024        0x0 c:/ac6/systemworkbench/plugins/fr.ac6.mcu.externaltools.arm-none.win32_1.7.0.201602121829/tools/compiler/bin/../lib/gcc/arm-none-eabi/5.2.1/armv7e-m/fpu/crtend.o

.igot.plt       0x20000024        0x0 load address 0x08005504
 .igot.plt      0x20000024        0x0 c:/ac6/systemworkbench/plugins/fr.ac6.mcu.externaltools.arm-none.win32_1.7.0.201602121829/tools/compiler/bin/../lib/gcc/arm-none-eabi/5.2.1/armv7e-m/fpu/crtbegin.o
                0x20000024                . = ALIGN (0x4)

.bss            0x20000024      0x31c load address 0x08005504
                0x20000024                _sbss = .
                0x20000024                __bss_start__ = _sbss
 *(.bss)
 .bss           0x20000024       0x1c c:/ac6/systemworkbench/plugins/fr.ac6.mcu.externaltools.arm-none.win32_1.7.0.201602121829/tools/compiler/bin/../lib/gcc/arm-none-eabi/5.2.1/armv7e-m/fpu/crtbegin.o
 .bss           0x20000040       0x14 Src/main.o
                0x20000040                isMaster
                0x20000041                nt
 .bss           0x20000054       0x20 Src/radio.o
                0x20000054                RssiValue
                0x20000055                SnrValue
                0x20000056                txDoneFlag
                0x20000057                rxDoneFlag
 .bss           0x20000074      0x109 Src/sx1276.o
                0x20000074                isRegWrite
 *(.bss*)
 *(COMMON)
 *fill*         0x2000017d        0x3 
 COMMON         0x20000180        0x4 Drivers/STM32F4xx_HAL_Driver/Src/stm32f4xx_hal.o
                0x20000180                uwTick
 COMMON         0x20000184       0x54 Src/i2c.o
                0x20000184                hi2c1
 COMMON         0x200001d8       0x13 Src/main.o
                0x200001d8                temp_tx
                0x200001dc                BufferTx
                0x200001e4                conversion_tx
                0x200001e6                State
                0x200001e8                RcvMsg
                0x200001ea                rStatus
 *fill*         0x200001eb        0x1 
 COMMON         0x200001ec        0x6 Src/radio.o
                0x200001ec                Buffer
 *fill*         0x200001f2        0x2 
 COMMON         0x200001f4       0xb0 Src/spi.o
                0x200001f4                hspi2
                0x2000024c                hspi1
 COMMON         0x200002a4       0x60 Src/sx1276.o
                0x200002a4                SX1276
 COMMON         0x20000304       0x3c Src/tim.o
                0x20000304                htim10
                0x20000340                . = ALIGN (0x4)
                0x20000340                _ebss = .
                0x20000340                __bss_end__ = _ebss

._user_heap_stack
                0x20000340      0x600 load address 0x08005504
                0x20000340                . = ALIGN (0x8)
                [!provide]                PROVIDE (end, .)
                [!provide]                PROVIDE (_end, .)
                0x20000540                . = (. + _Min_Heap_Size)
 *fill*         0x20000340      0x200 
                0x20000940                . = (. + _Min_Stack_Size)
 *fill*         0x20000540      0x400 
                0x20000940                . = ALIGN (0x8)

/DISCARD/
 libc.a(*)
 libm.a(*)
 libgcc.a(*)

.ARM.attributes
                0x00000000       0x30
 *(.ARM.attributes)
 .ARM.attributes
                0x00000000       0x22 c:/ac6/systemworkbench/plugins/fr.ac6.mcu.externaltools.arm-none.win32_1.7.0.201602121829/tools/compiler/bin/../lib/gcc/arm-none-eabi/5.2.1/armv7e-m/fpu/crti.o
 .ARM.attributes
                0x00000022       0x34 c:/ac6/systemworkbench/plugins/fr.ac6.mcu.externaltools.arm-none.win32_1.7.0.201602121829/tools/compiler/bin/../lib/gcc/arm-none-eabi/5.2.1/armv7e-m/fpu/crtbegin.o
 .ARM.attributes
                0x00000056       0x21 Drivers/CMSIS/Device/ST/STM32F4xx/Source/Templates/gcc/startup_stm32f411xe.o
 .ARM.attributes
                0x00000077       0x39 Drivers/CMSIS/Device/ST/STM32F4xx/Source/Templates/system_stm32f4xx.o
 .ARM.attributes
                0x000000b0       0x39 Drivers/STM32F4xx_HAL_Driver/Src/stm32f4xx_hal.o
 .ARM.attributes
                0x000000e9       0x39 Drivers/STM32F4xx_HAL_Driver/Src/stm32f4xx_hal_cortex.o
 .ARM.attributes
                0x00000122       0x39 Drivers/STM32F4xx_HAL_Driver/Src/stm32f4xx_hal_gpio.o
 .ARM.attributes
                0x0000015b       0x39 Drivers/STM32F4xx_HAL_Driver/Src/stm32f4xx_hal_i2c.o
 .ARM.attributes
                0x00000194       0x39 Drivers/STM32F4xx_HAL_Driver/Src/stm32f4xx_hal_rcc.o
 .ARM.attributes
                0x000001cd       0x39 Drivers/STM32F4xx_HAL_Driver/Src/stm32f4xx_hal_spi.o
 .ARM.attributes
                0x00000206       0x39 Drivers/STM32F4xx_HAL_Driver/Src/stm32f4xx_hal_tim.o
 .ARM.attributes
                0x0000023f       0x39 Drivers/STM32F4xx_HAL_Driver/Src/stm32f4xx_hal_tim_ex.o
 .ARM.attributes
                0x00000278       0x39 Src/gpio.o
 .ARM.attributes
                0x000002b1       0x39 Src/i2c.o
 .ARM.attributes
                0x000002ea       0x39 Src/main.o
 .ARM.attributes
                0x00000323       0x39 Src/radio.o
 .ARM.attributes
                0x0000035c       0x39 Src/spi.o
 .ARM.attributes
                0x00000395       0x39 Src/stm32f4xx_hal_msp.o
 .ARM.attributes
                0x000003ce       0x39 Src/stm32f4xx_it.o
 .ARM.attributes
                0x00000407       0x39 Src/sx1276.o
 .ARM.attributes
                0x00000440       0x39 Src/tim.o
 .ARM.attributes
                0x00000479       0x22 c:/ac6/systemworkbench/plugins/fr.ac6.mcu.externaltools.arm-none.win32_1.7.0.201602121829/tools/compiler/bin/../lib/gcc/arm-none-eabi/5.2.1/armv7e-m/fpu\libgcc.a(_arm_addsubdf3.o)
 .ARM.attributes
                0x0000049b       0x22 c:/ac6/systemworkbench/plugins/fr.ac6.mcu.externaltools.arm-none.win32_1.7.0.201602121829/tools/compiler/bin/../lib/gcc/arm-none-eabi/5.2.1/armv7e-m/fpu\libgcc.a(_arm_muldivdf3.o)
 .ARM.attributes
                0x000004bd       0x22 c:/ac6/systemworkbench/plugins/fr.ac6.mcu.externaltools.arm-none.win32_1.7.0.201602121829/tools/compiler/bin/../lib/gcc/arm-none-eabi/5.2.1/armv7e-m/fpu\libgcc.a(_arm_cmpdf2.o)
 .ARM.attributes
                0x000004df       0x22 c:/ac6/systemworkbench/plugins/fr.ac6.mcu.externaltools.arm-none.win32_1.7.0.201602121829/tools/compiler/bin/../lib/gcc/arm-none-eabi/5.2.1/armv7e-m/fpu\libgcc.a(_arm_fixdfsi.o)
 .ARM.attributes
                0x00000501       0x22 c:/ac6/systemworkbench/plugins/fr.ac6.mcu.externaltools.arm-none.win32_1.7.0.201602121829/tools/compiler/bin/../lib/gcc/arm-none-eabi/5.2.1/armv7e-m/fpu\libgcc.a(_arm_fixunsdfsi.o)
 .ARM.attributes
                0x00000523       0x34 c:/ac6/systemworkbench/plugins/fr.ac6.mcu.externaltools.arm-none.win32_1.7.0.201602121829/tools/compiler/bin/../lib/gcc/arm-none-eabi/5.2.1/../../../../arm-none-eabi/lib/armv7e-m/fpu\libc_nano.a(lib_a-init.o)
 .ARM.attributes
                0x00000557       0x34 c:/ac6/systemworkbench/plugins/fr.ac6.mcu.externaltools.arm-none.win32_1.7.0.201602121829/tools/compiler/bin/../lib/gcc/arm-none-eabi/5.2.1/../../../../arm-none-eabi/lib/armv7e-m/fpu\libc_nano.a(lib_a-memcpy-stub.o)
 .ARM.attributes
                0x0000058b       0x34 c:/ac6/systemworkbench/plugins/fr.ac6.mcu.externaltools.arm-none.win32_1.7.0.201602121829/tools/compiler/bin/../lib/gcc/arm-none-eabi/5.2.1/../../../../arm-none-eabi/lib/armv7e-m/fpu\libc_nano.a(lib_a-memset.o)
 .ARM.attributes
                0x000005bf       0x34 c:/ac6/systemworkbench/plugins/fr.ac6.mcu.externaltools.arm-none.win32_1.7.0.201602121829/tools/compiler/bin/../lib/gcc/arm-none-eabi/5.2.1/armv7e-m/fpu/crtend.o
 .ARM.attributes
                0x000005f3       0x22 c:/ac6/systemworkbench/plugins/fr.ac6.mcu.externaltools.arm-none.win32_1.7.0.201602121829/tools/compiler/bin/../lib/gcc/arm-none-eabi/5.2.1/armv7e-m/fpu/crtn.o
OUTPUT(TFM.elf elf32-littlearm)

.debug_line     0x00000000     0xd188
 .debug_line    0x00000000       0xae Drivers/CMSIS/Device/ST/STM32F4xx/Source/Templates/gcc/startup_stm32f411xe.o
 .debug_line    0x000000ae      0x7ff Drivers/CMSIS/Device/ST/STM32F4xx/Source/Templates/system_stm32f4xx.o
 .debug_line    0x000008ad      0x95a Drivers/STM32F4xx_HAL_Driver/Src/stm32f4xx_hal.o
 .debug_line    0x00001207      0xa8a Drivers/STM32F4xx_HAL_Driver/Src/stm32f4xx_hal_cortex.o
 .debug_line    0x00001c91      0x959 Drivers/STM32F4xx_HAL_Driver/Src/stm32f4xx_hal_gpio.o
 .debug_line    0x000025ea     0x1ae4 Drivers/STM32F4xx_HAL_Driver/Src/stm32f4xx_hal_i2c.o
 .debug_line    0x000040ce      0xaaa Drivers/STM32F4xx_HAL_Driver/Src/stm32f4xx_hal_rcc.o
 .debug_line    0x00004b78      0xfc6 Drivers/STM32F4xx_HAL_Driver/Src/stm32f4xx_hal_spi.o
 .debug_line    0x00005b3e     0x1758 Drivers/STM32F4xx_HAL_Driver/Src/stm32f4xx_hal_tim.o
 .debug_line    0x00007296      0xd75 Drivers/STM32F4xx_HAL_Driver/Src/stm32f4xx_hal_tim_ex.o
 .debug_line    0x0000800b      0x80d Src/gpio.o
 .debug_line    0x00008818      0x7e1 Src/i2c.o
 .debug_line    0x00008ff9      0x9dc Src/main.o
 .debug_line    0x000099d5      0x877 Src/radio.o
 .debug_line    0x0000a24c      0x81d Src/spi.o
 .debug_line    0x0000aa69      0x7aa Src/stm32f4xx_hal_msp.o
 .debug_line    0x0000b213      0x7e7 Src/stm32f4xx_it.o
 .debug_line    0x0000b9fa      0xfc2 Src/sx1276.o
 .debug_line    0x0000c9bc      0x7cc Src/tim.o

.debug_info     0x00000000     0xeeea
 .debug_info    0x00000000       0xc7 Drivers/CMSIS/Device/ST/STM32F4xx/Source/Templates/gcc/startup_stm32f411xe.o
 .debug_info    0x000000c7      0x4d5 Drivers/CMSIS/Device/ST/STM32F4xx/Source/Templates/system_stm32f4xx.o
 .debug_info    0x0000059c      0x7e8 Drivers/STM32F4xx_HAL_Driver/Src/stm32f4xx_hal.o
 .debug_info    0x00000d84      0xc7b Drivers/STM32F4xx_HAL_Driver/Src/stm32f4xx_hal_cortex.o
 .debug_info    0x000019ff      0x739 Drivers/STM32F4xx_HAL_Driver/Src/stm32f4xx_hal_gpio.o
 .debug_info    0x00002138     0x214e Drivers/STM32F4xx_HAL_Driver/Src/stm32f4xx_hal_i2c.o
 .debug_info    0x00004286      0xb4d Drivers/STM32F4xx_HAL_Driver/Src/stm32f4xx_hal_rcc.o
 .debug_info    0x00004dd3     0x1221 Drivers/STM32F4xx_HAL_Driver/Src/stm32f4xx_hal_spi.o
 .debug_info    0x00005ff4     0x218a Drivers/STM32F4xx_HAL_Driver/Src/stm32f4xx_hal_tim.o
 .debug_info    0x0000817e      0xf50 Drivers/STM32F4xx_HAL_Driver/Src/stm32f4xx_hal_tim_ex.o
 .debug_info    0x000090ce      0x61c Src/gpio.o
 .debug_info    0x000096ea      0x93c Src/i2c.o
 .debug_info    0x0000a026     0x1594 Src/main.o
 .debug_info    0x0000b5ba      0x8d7 Src/radio.o
 .debug_info    0x0000be91      0x946 Src/spi.o
 .debug_info    0x0000c7d7      0x266 Src/stm32f4xx_hal_msp.o
 .debug_info    0x0000ca3d      0x5d9 Src/stm32f4xx_it.o
 .debug_info    0x0000d016     0x154b Src/sx1276.o
 .debug_info    0x0000e561      0x989 Src/tim.o

.debug_abbrev   0x00000000     0x20eb
 .debug_abbrev  0x00000000       0x12 Drivers/CMSIS/Device/ST/STM32F4xx/Source/Templates/gcc/startup_stm32f411xe.o
 .debug_abbrev  0x00000012      0x104 Drivers/CMSIS/Device/ST/STM32F4xx/Source/Templates/system_stm32f4xx.o
 .debug_abbrev  0x00000116      0x23a Drivers/STM32F4xx_HAL_Driver/Src/stm32f4xx_hal.o
 .debug_abbrev  0x00000350      0x2cc Drivers/STM32F4xx_HAL_Driver/Src/stm32f4xx_hal_cortex.o
 .debug_abbrev  0x0000061c      0x1af Drivers/STM32F4xx_HAL_Driver/Src/stm32f4xx_hal_gpio.o
 .debug_abbrev  0x000007cb      0x20f Drivers/STM32F4xx_HAL_Driver/Src/stm32f4xx_hal_i2c.o
 .debug_abbrev  0x000009da      0x2b3 Drivers/STM32F4xx_HAL_Driver/Src/stm32f4xx_hal_rcc.o
 .debug_abbrev  0x00000c8d      0x202 Drivers/STM32F4xx_HAL_Driver/Src/stm32f4xx_hal_spi.o
 .debug_abbrev  0x00000e8f      0x21a Drivers/STM32F4xx_HAL_Driver/Src/stm32f4xx_hal_tim.o
 .debug_abbrev  0x000010a9      0x211 Drivers/STM32F4xx_HAL_Driver/Src/stm32f4xx_hal_tim_ex.o
 .debug_abbrev  0x000012ba      0x125 Src/gpio.o
 .debug_abbrev  0x000013df      0x178 Src/i2c.o
 .debug_abbrev  0x00001557      0x263 Src/main.o
 .debug_abbrev  0x000017ba      0x1b4 Src/radio.o
 .debug_abbrev  0x0000196e      0x183 Src/spi.o
 .debug_abbrev  0x00001af1       0x8b Src/stm32f4xx_hal_msp.o
 .debug_abbrev  0x00001b7c      0x146 Src/stm32f4xx_it.o
 .debug_abbrev  0x00001cc2      0x299 Src/sx1276.o
 .debug_abbrev  0x00001f5b      0x190 Src/tim.o

.debug_aranges  0x00000000      0xeb0
 .debug_aranges
                0x00000000       0x28 Drivers/CMSIS/Device/ST/STM32F4xx/Source/Templates/gcc/startup_stm32f411xe.o
 .debug_aranges
                0x00000028       0x28 Drivers/CMSIS/Device/ST/STM32F4xx/Source/Templates/system_stm32f4xx.o
 .debug_aranges
                0x00000050       0xc0 Drivers/STM32F4xx_HAL_Driver/Src/stm32f4xx_hal.o
 .debug_aranges
                0x00000110      0x108 Drivers/STM32F4xx_HAL_Driver/Src/stm32f4xx_hal_cortex.o
 .debug_aranges
                0x00000218       0x58 Drivers/STM32F4xx_HAL_Driver/Src/stm32f4xx_hal_gpio.o
 .debug_aranges
                0x00000270      0x268 Drivers/STM32F4xx_HAL_Driver/Src/stm32f4xx_hal_i2c.o
 .debug_aranges
                0x000004d8       0x88 Drivers/STM32F4xx_HAL_Driver/Src/stm32f4xx_hal_rcc.o
 .debug_aranges
                0x00000560      0x180 Drivers/STM32F4xx_HAL_Driver/Src/stm32f4xx_hal_spi.o
 .debug_aranges
                0x000006e0      0x368 Drivers/STM32F4xx_HAL_Driver/Src/stm32f4xx_hal_tim.o
 .debug_aranges
                0x00000a48      0x140 Drivers/STM32F4xx_HAL_Driver/Src/stm32f4xx_hal_tim_ex.o
 .debug_aranges
                0x00000b88       0x20 Src/gpio.o
 .debug_aranges
                0x00000ba8       0x30 Src/i2c.o
 .debug_aranges
                0x00000bd8       0x80 Src/main.o
 .debug_aranges
                0x00000c58       0x48 Src/radio.o
 .debug_aranges
                0x00000ca0       0x38 Src/spi.o
 .debug_aranges
                0x00000cd8       0x20 Src/stm32f4xx_hal_msp.o
 .debug_aranges
                0x00000cf8       0x38 Src/stm32f4xx_it.o
 .debug_aranges
                0x00000d30      0x150 Src/sx1276.o
 .debug_aranges
                0x00000e80       0x30 Src/tim.o

.debug_ranges   0x00000000      0xda0
 .debug_ranges  0x00000000       0x20 Drivers/CMSIS/Device/ST/STM32F4xx/Source/Templates/gcc/startup_stm32f411xe.o
 .debug_ranges  0x00000020       0x18 Drivers/CMSIS/Device/ST/STM32F4xx/Source/Templates/system_stm32f4xx.o
 .debug_ranges  0x00000038       0xb0 Drivers/STM32F4xx_HAL_Driver/Src/stm32f4xx_hal.o
 .debug_ranges  0x000000e8       0xf8 Drivers/STM32F4xx_HAL_Driver/Src/stm32f4xx_hal_cortex.o
 .debug_ranges  0x000001e0       0x48 Drivers/STM32F4xx_HAL_Driver/Src/stm32f4xx_hal_gpio.o
 .debug_ranges  0x00000228      0x258 Drivers/STM32F4xx_HAL_Driver/Src/stm32f4xx_hal_i2c.o
 .debug_ranges  0x00000480       0x78 Drivers/STM32F4xx_HAL_Driver/Src/stm32f4xx_hal_rcc.o
 .debug_ranges  0x000004f8      0x170 Drivers/STM32F4xx_HAL_Driver/Src/stm32f4xx_hal_spi.o
 .debug_ranges  0x00000668      0x358 Drivers/STM32F4xx_HAL_Driver/Src/stm32f4xx_hal_tim.o
 .debug_ranges  0x000009c0      0x130 Drivers/STM32F4xx_HAL_Driver/Src/stm32f4xx_hal_tim_ex.o
 .debug_ranges  0x00000af0       0x10 Src/gpio.o
 .debug_ranges  0x00000b00       0x20 Src/i2c.o
 .debug_ranges  0x00000b20       0x70 Src/main.o
 .debug_ranges  0x00000b90       0x38 Src/radio.o
 .debug_ranges  0x00000bc8       0x28 Src/spi.o
 .debug_ranges  0x00000bf0       0x10 Src/stm32f4xx_hal_msp.o
 .debug_ranges  0x00000c00       0x28 Src/stm32f4xx_it.o
 .debug_ranges  0x00000c28      0x158 Src/sx1276.o
 .debug_ranges  0x00000d80       0x20 Src/tim.o

.debug_macro    0x00000000    0x13301
 .debug_macro   0x00000000      0x2fd Drivers/CMSIS/Device/ST/STM32F4xx/Source/Templates/system_stm32f4xx.o
 .debug_macro   0x000002fd      0x898 Drivers/CMSIS/Device/ST/STM32F4xx/Source/Templates/system_stm32f4xx.o
 .debug_macro   0x00000b95       0x31 Drivers/CMSIS/Device/ST/STM32F4xx/Source/Templates/system_stm32f4xx.o
 .debug_macro   0x00000bc6       0x28 Drivers/CMSIS/Device/ST/STM32F4xx/Source/Templates/system_stm32f4xx.o
 .debug_macro   0x00000bee       0x22 Drivers/CMSIS/Device/ST/STM32F4xx/Source/Templates/system_stm32f4xx.o
 .debug_macro   0x00000c10       0x44 Drivers/CMSIS/Device/ST/STM32F4xx/Source/Templates/system_stm32f4xx.o
 .debug_macro   0x00000c54       0xfd Drivers/CMSIS/Device/ST/STM32F4xx/Source/Templates/system_stm32f4xx.o
 .debug_macro   0x00000d51       0x22 Drivers/CMSIS/Device/ST/STM32F4xx/Source/Templates/system_stm32f4xx.o
 .debug_macro   0x00000d73      0x1df Drivers/CMSIS/Device/ST/STM32F4xx/Source/Templates/system_stm32f4xx.o
 .debug_macro   0x00000f52       0x35 Drivers/CMSIS/Device/ST/STM32F4xx/Source/Templates/system_stm32f4xx.o
 .debug_macro   0x00000f87       0x50 Drivers/CMSIS/Device/ST/STM32F4xx/Source/Templates/system_stm32f4xx.o
 .debug_macro   0x00000fd7      0xe66 Drivers/CMSIS/Device/ST/STM32F4xx/Source/Templates/system_stm32f4xx.o
 .debug_macro   0x00001e3d     0x5102 Drivers/CMSIS/Device/ST/STM32F4xx/Source/Templates/system_stm32f4xx.o
 .debug_macro   0x00006f3f       0x43 Drivers/CMSIS/Device/ST/STM32F4xx/Source/Templates/system_stm32f4xx.o
 .debug_macro   0x00006f82      0x18a Drivers/CMSIS/Device/ST/STM32F4xx/Source/Templates/system_stm32f4xx.o
 .debug_macro   0x0000710c      0x1b6 Drivers/CMSIS/Device/ST/STM32F4xx/Source/Templates/system_stm32f4xx.o
 .debug_macro   0x000072c2     0x347f Drivers/CMSIS/Device/ST/STM32F4xx/Source/Templates/system_stm32f4xx.o
 .debug_macro   0x0000a741       0x58 Drivers/CMSIS/Device/ST/STM32F4xx/Source/Templates/system_stm32f4xx.o
 .debug_macro   0x0000a799       0x35 Drivers/CMSIS/Device/ST/STM32F4xx/Source/Templates/system_stm32f4xx.o
 .debug_macro   0x0000a7ce       0x9c Drivers/CMSIS/Device/ST/STM32F4xx/Source/Templates/system_stm32f4xx.o
 .debug_macro   0x0000a86a       0x16 Drivers/CMSIS/Device/ST/STM32F4xx/Source/Templates/system_stm32f4xx.o
 .debug_macro   0x0000a880       0x97 Drivers/CMSIS/Device/ST/STM32F4xx/Source/Templates/system_stm32f4xx.o
 .debug_macro   0x0000a917      0x329 Drivers/CMSIS/Device/ST/STM32F4xx/Source/Templates/system_stm32f4xx.o
 .debug_macro   0x0000ac40       0xfd Drivers/CMSIS/Device/ST/STM32F4xx/Source/Templates/system_stm32f4xx.o
 .debug_macro   0x0000ad3d       0x10 Drivers/CMSIS/Device/ST/STM32F4xx/Source/Templates/system_stm32f4xx.o
 .debug_macro   0x0000ad4d       0x52 Drivers/CMSIS/Device/ST/STM32F4xx/Source/Templates/system_stm32f4xx.o
 .debug_macro   0x0000ad9f       0x16 Drivers/CMSIS/Device/ST/STM32F4xx/Source/Templates/system_stm32f4xx.o
 .debug_macro   0x0000adb5       0x43 Drivers/CMSIS/Device/ST/STM32F4xx/Source/Templates/system_stm32f4xx.o
 .debug_macro   0x0000adf8      0x187 Drivers/CMSIS/Device/ST/STM32F4xx/Source/Templates/system_stm32f4xx.o
 .debug_macro   0x0000af7f       0x10 Drivers/CMSIS/Device/ST/STM32F4xx/Source/Templates/system_stm32f4xx.o
 .debug_macro   0x0000af8f       0x22 Drivers/CMSIS/Device/ST/STM32F4xx/Source/Templates/system_stm32f4xx.o
 .debug_macro   0x0000afb1       0x3a Drivers/CMSIS/Device/ST/STM32F4xx/Source/Templates/system_stm32f4xx.o
 .debug_macro   0x0000afeb       0x10 Drivers/CMSIS/Device/ST/STM32F4xx/Source/Templates/system_stm32f4xx.o
 .debug_macro   0x0000affb       0x40 Drivers/CMSIS/Device/ST/STM32F4xx/Source/Templates/system_stm32f4xx.o
 .debug_macro   0x0000b03b       0x65 Drivers/CMSIS/Device/ST/STM32F4xx/Source/Templates/system_stm32f4xx.o
 .debug_macro   0x0000b0a0       0x16 Drivers/CMSIS/Device/ST/STM32F4xx/Source/Templates/system_stm32f4xx.o
 .debug_macro   0x0000b0b6      0x197 Drivers/CMSIS/Device/ST/STM32F4xx/Source/Templates/system_stm32f4xx.o
 .debug_macro   0x0000b24d       0x50 Drivers/CMSIS/Device/ST/STM32F4xx/Source/Templates/system_stm32f4xx.o
 .debug_macro   0x0000b29d      0x45c Drivers/CMSIS/Device/ST/STM32F4xx/Source/Templates/system_stm32f4xx.o
 .debug_macro   0x0000b6f9      0x9e1 Drivers/CMSIS/Device/ST/STM32F4xx/Source/Templates/system_stm32f4xx.o
 .debug_macro   0x0000c0da      0x11e Drivers/CMSIS/Device/ST/STM32F4xx/Source/Templates/system_stm32f4xx.o
 .debug_macro   0x0000c1f8      0x11b Drivers/CMSIS/Device/ST/STM32F4xx/Source/Templates/system_stm32f4xx.o
 .debug_macro   0x0000c313       0x27 Drivers/CMSIS/Device/ST/STM32F4xx/Source/Templates/system_stm32f4xx.o
 .debug_macro   0x0000c33a      0x287 Drivers/CMSIS/Device/ST/STM32F4xx/Source/Templates/system_stm32f4xx.o
 .debug_macro   0x0000c5c1       0x5f Drivers/CMSIS/Device/ST/STM32F4xx/Source/Templates/system_stm32f4xx.o
 .debug_macro   0x0000c620      0x23a Drivers/CMSIS/Device/ST/STM32F4xx/Source/Templates/system_stm32f4xx.o
 .debug_macro   0x0000c85a      0x13a Drivers/CMSIS/Device/ST/STM32F4xx/Source/Templates/system_stm32f4xx.o
 .debug_macro   0x0000c994      0x264 Drivers/CMSIS/Device/ST/STM32F4xx/Source/Templates/system_stm32f4xx.o
 .debug_macro   0x0000cbf8       0x2e Drivers/CMSIS/Device/ST/STM32F4xx/Source/Templates/system_stm32f4xx.o
 .debug_macro   0x0000cc26      0x1a7 Drivers/CMSIS/Device/ST/STM32F4xx/Source/Templates/system_stm32f4xx.o
 .debug_macro   0x0000cdcd       0x22 Drivers/CMSIS/Device/ST/STM32F4xx/Source/Templates/system_stm32f4xx.o
 .debug_macro   0x0000cdef       0xa5 Drivers/CMSIS/Device/ST/STM32F4xx/Source/Templates/system_stm32f4xx.o
 .debug_macro   0x0000ce94      0x11e Drivers/CMSIS/Device/ST/STM32F4xx/Source/Templates/system_stm32f4xx.o
 .debug_macro   0x0000cfb2       0x85 Drivers/CMSIS/Device/ST/STM32F4xx/Source/Templates/system_stm32f4xx.o
 .debug_macro   0x0000d037       0x89 Drivers/CMSIS/Device/ST/STM32F4xx/Source/Templates/system_stm32f4xx.o
 .debug_macro   0x0000d0c0      0x202 Drivers/CMSIS/Device/ST/STM32F4xx/Source/Templates/system_stm32f4xx.o
 .debug_macro   0x0000d2c2      0x6d9 Drivers/CMSIS/Device/ST/STM32F4xx/Source/Templates/system_stm32f4xx.o
 .debug_macro   0x0000d99b       0x5b Drivers/CMSIS/Device/ST/STM32F4xx/Source/Templates/system_stm32f4xx.o
 .debug_macro   0x0000d9f6      0x14d Drivers/CMSIS/Device/ST/STM32F4xx/Source/Templates/system_stm32f4xx.o
 .debug_macro   0x0000db43      0x11e Drivers/CMSIS/Device/ST/STM32F4xx/Source/Templates/system_stm32f4xx.o
 .debug_macro   0x0000dc61      0x345 Drivers/STM32F4xx_HAL_Driver/Src/stm32f4xx_hal.o
 .debug_macro   0x0000dfa6      0x2f7 Drivers/STM32F4xx_HAL_Driver/Src/stm32f4xx_hal_cortex.o
 .debug_macro   0x0000e29d      0x32f Drivers/STM32F4xx_HAL_Driver/Src/stm32f4xx_hal_gpio.o
 .debug_macro   0x0000e5cc      0x33e Drivers/STM32F4xx_HAL_Driver/Src/stm32f4xx_hal_i2c.o
 .debug_macro   0x0000e90a      0x321 Drivers/STM32F4xx_HAL_Driver/Src/stm32f4xx_hal_rcc.o
 .debug_macro   0x0000ec2b      0x2ff Drivers/STM32F4xx_HAL_Driver/Src/stm32f4xx_hal_spi.o
 .debug_macro   0x0000ef2a      0x2f8 Drivers/STM32F4xx_HAL_Driver/Src/stm32f4xx_hal_tim.o
 .debug_macro   0x0000f222      0x2f7 Drivers/STM32F4xx_HAL_Driver/Src/stm32f4xx_hal_tim_ex.o
 .debug_macro   0x0000f519      0x301 Src/gpio.o
 .debug_macro   0x0000f81a      0x30b Src/i2c.o
 .debug_macro   0x0000fb25      0x385 Src/main.o
 .debug_macro   0x0000feaa     0x1497 Src/main.o
 .debug_macro   0x00011341      0x795 Src/main.o
 .debug_macro   0x00011ad6       0x22 Src/main.o
 .debug_macro   0x00011af8       0x70 Src/main.o
 .debug_macro   0x00011b68       0x2b Src/main.o
 .debug_macro   0x00011b93       0x16 Src/main.o
 .debug_macro   0x00011ba9       0x35 Src/main.o
 .debug_macro   0x00011bde      0x34f Src/radio.o
 .debug_macro   0x00011f2d       0x6a Src/radio.o
 .debug_macro   0x00011f97       0x3b Src/radio.o
 .debug_macro   0x00011fd2      0x30b Src/spi.o
 .debug_macro   0x000122dd      0x2f7 Src/stm32f4xx_hal_msp.o
 .debug_macro   0x000125d4      0x301 Src/stm32f4xx_it.o
 .debug_macro   0x000128d5      0x360 Src/sx1276.o
 .debug_macro   0x00012c35      0x174 Src/sx1276.o
 .debug_macro   0x00012da9       0x4a Src/sx1276.o
 .debug_macro   0x00012df3      0x1e1 Src/sx1276.o
 .debug_macro   0x00012fd4       0x10 Src/sx1276.o
 .debug_macro   0x00012fe4       0x1c Src/sx1276.o
 .debug_macro   0x00013000      0x301 Src/tim.o

.debug_str      0x00000000    0x64568
 .debug_str     0x00000000    0x57bfd Drivers/CMSIS/Device/ST/STM32F4xx/Source/Templates/system_stm32f4xx.o
                              0x57e9d (size before relaxing)
 .debug_str     0x00057bfd      0x857 Drivers/STM32F4xx_HAL_Driver/Src/stm32f4xx_hal.o
                              0x586ce (size before relaxing)
 .debug_str     0x00058454      0x36f Drivers/STM32F4xx_HAL_Driver/Src/stm32f4xx_hal_cortex.o
                              0x58560 (size before relaxing)
 .debug_str     0x000587c3      0x2e7 Drivers/STM32F4xx_HAL_Driver/Src/stm32f4xx_hal_gpio.o
                              0x580f4 (size before relaxing)
 .debug_str     0x00058aaa      0xf20 Drivers/STM32F4xx_HAL_Driver/Src/stm32f4xx_hal_i2c.o
                              0x58c97 (size before relaxing)
 .debug_str     0x000599ca      0x38c Drivers/STM32F4xx_HAL_Driver/Src/stm32f4xx_hal_rcc.o
                              0x5826b (size before relaxing)
 .debug_str     0x00059d56      0x5ec Drivers/STM32F4xx_HAL_Driver/Src/stm32f4xx_hal_spi.o
                              0x58581 (size before relaxing)
 .debug_str     0x0005a342      0xe45 Drivers/STM32F4xx_HAL_Driver/Src/stm32f4xx_hal_tim.o
                              0x58e23 (size before relaxing)
 .debug_str     0x0005b187      0x522 Drivers/STM32F4xx_HAL_Driver/Src/stm32f4xx_hal_tim_ex.o
                              0x586d6 (size before relaxing)
 .debug_str     0x0005b6a9       0x25 Src/gpio.o
                              0x581f0 (size before relaxing)
 .debug_str     0x0005b6ce       0x33 Src/i2c.o
                              0x58369 (size before relaxing)
 .debug_str     0x0005b701     0x7cd9 Src/main.o
                              0x6076f (size before relaxing)
 .debug_str     0x000633da       0x80 Src/radio.o
                              0x5fcd4 (size before relaxing)
 .debug_str     0x0006345a       0x37 Src/spi.o
                              0x582c0 (size before relaxing)
 .debug_str     0x00063491       0x1b Src/stm32f4xx_hal_msp.o
                              0x5802e (size before relaxing)
 .debug_str     0x000634ac       0x7c Src/stm32f4xx_it.o
                              0x5810e (size before relaxing)
 .debug_str     0x00063528     0x1016 Src/sx1276.o
                              0x60cb2 (size before relaxing)
 .debug_str     0x0006453e       0x2a Src/tim.o
                              0x585b5 (size before relaxing)

.comment        0x00000000       0x6e
 .comment       0x00000000       0x6e Drivers/CMSIS/Device/ST/STM32F4xx/Source/Templates/system_stm32f4xx.o
                                 0x6f (size before relaxing)
 .comment       0x0000006e       0x6f Drivers/STM32F4xx_HAL_Driver/Src/stm32f4xx_hal.o
 .comment       0x0000006e       0x6f Drivers/STM32F4xx_HAL_Driver/Src/stm32f4xx_hal_cortex.o
 .comment       0x0000006e       0x6f Drivers/STM32F4xx_HAL_Driver/Src/stm32f4xx_hal_gpio.o
 .comment       0x0000006e       0x6f Drivers/STM32F4xx_HAL_Driver/Src/stm32f4xx_hal_i2c.o
 .comment       0x0000006e       0x6f Drivers/STM32F4xx_HAL_Driver/Src/stm32f4xx_hal_rcc.o
 .comment       0x0000006e       0x6f Drivers/STM32F4xx_HAL_Driver/Src/stm32f4xx_hal_spi.o
 .comment       0x0000006e       0x6f Drivers/STM32F4xx_HAL_Driver/Src/stm32f4xx_hal_tim.o
 .comment       0x0000006e       0x6f Drivers/STM32F4xx_HAL_Driver/Src/stm32f4xx_hal_tim_ex.o
 .comment       0x0000006e       0x6f Src/gpio.o
 .comment       0x0000006e       0x6f Src/i2c.o
 .comment       0x0000006e       0x6f Src/main.o
 .comment       0x0000006e       0x6f Src/radio.o
 .comment       0x0000006e       0x6f Src/spi.o
 .comment       0x0000006e       0x6f Src/stm32f4xx_hal_msp.o
 .comment       0x0000006e       0x6f Src/stm32f4xx_it.o
 .comment       0x0000006e       0x6f Src/sx1276.o
 .comment       0x0000006e       0x6f Src/tim.o

.debug_frame    0x00000000     0x3c84
 .debug_frame   0x00000000       0x58 Drivers/CMSIS/Device/ST/STM32F4xx/Source/Templates/system_stm32f4xx.o
 .debug_frame   0x00000058      0x2c0 Drivers/STM32F4xx_HAL_Driver/Src/stm32f4xx_hal.o
 .debug_frame   0x00000318      0x450 Drivers/STM32F4xx_HAL_Driver/Src/stm32f4xx_hal_cortex.o
 .debug_frame   0x00000768      0x14c Drivers/STM32F4xx_HAL_Driver/Src/stm32f4xx_hal_gpio.o
 .debug_frame   0x000008b4      0xb38 Drivers/STM32F4xx_HAL_Driver/Src/stm32f4xx_hal_i2c.o
 .debug_frame   0x000013ec      0x200 Drivers/STM32F4xx_HAL_Driver/Src/stm32f4xx_hal_rcc.o
 .debug_frame   0x000015ec      0x6a4 Drivers/STM32F4xx_HAL_Driver/Src/stm32f4xx_hal_spi.o
 .debug_frame   0x00001c90      0xfb4 Drivers/STM32F4xx_HAL_Driver/Src/stm32f4xx_hal_tim.o
 .debug_frame   0x00002c44      0x574 Drivers/STM32F4xx_HAL_Driver/Src/stm32f4xx_hal_tim_ex.o
 .debug_frame   0x000031b8       0x38 Src/gpio.o
 .debug_frame   0x000031f0       0x74 Src/i2c.o
 .debug_frame   0x00003264      0x1b0 Src/main.o
 .debug_frame   0x00003414       0xd8 Src/radio.o
 .debug_frame   0x000034ec       0x90 Src/spi.o
 .debug_frame   0x0000357c       0x2c Src/stm32f4xx_hal_msp.o
 .debug_frame   0x000035a8       0x80 Src/stm32f4xx_it.o
 .debug_frame   0x00003628      0x574 Src/sx1276.o
 .debug_frame   0x00003b9c       0x74 Src/tim.o
 .debug_frame   0x00003c10       0x2c c:/ac6/systemworkbench/plugins/fr.ac6.mcu.externaltools.arm-none.win32_1.7.0.201602121829/tools/compiler/bin/../lib/gcc/arm-none-eabi/5.2.1/../../../../arm-none-eabi/lib/armv7e-m/fpu\libc_nano.a(lib_a-init.o)
 .debug_frame   0x00003c3c       0x28 c:/ac6/systemworkbench/plugins/fr.ac6.mcu.externaltools.arm-none.win32_1.7.0.201602121829/tools/compiler/bin/../lib/gcc/arm-none-eabi/5.2.1/../../../../arm-none-eabi/lib/armv7e-m/fpu\libc_nano.a(lib_a-memcpy-stub.o)
 .debug_frame   0x00003c64       0x20 c:/ac6/systemworkbench/plugins/fr.ac6.mcu.externaltools.arm-none.win32_1.7.0.201602121829/tools/compiler/bin/../lib/gcc/arm-none-eabi/5.2.1/../../../../arm-none-eabi/lib/armv7e-m/fpu\libc_nano.a(lib_a-memset.o)
